// Vitest Snapshot v1, https://vitest.dev/guide/snapshot.html

exports[`이벤트 레지스트리 (T-10-046) > 등록 순서가 바뀌지 않는다 1`] = `"mil-notice mil-notice-low bench-talk knock ad interview rival scout party mentor newcoach haters trainer charity slump penalty pk-save family rumor diet final rival-1 rival-2 rival-3 rehab-1 rehab-2 rehab-3 scandal-2 scandal-3 europe-2 europe-3 mentor-2 mentor-3 var racism winter-window ag-release oly-release puskas winter-camp team-k derby asia-tour fw-drought fw-one-on-one fw-target mf-freekick mf-role mf-press df-marking df-lastman df-header df-overlap gk-error gk-sweeper gk-pk gk-no1 gk-cross"`;
